------------------------------------------------------------
TimeQuest Timing Analyzer Summary
------------------------------------------------------------

Type  : Slow 1200mV 85C Model Setup 'ck_1M'
Slack : -37.850
TNS   : -3583.333

Type  : Slow 1200mV 85C Model Setup 'DHT11:u2|clk_1M'
Slack : -7.472
TNS   : -662.642

Type  : Slow 1200mV 85C Model Setup 'ck'
Slack : -7.467
TNS   : -1083.644

Type  : Slow 1200mV 85C Model Setup 'ck_LCD'
Slack : -6.685
TNS   : -460.657

Type  : Slow 1200mV 85C Model Setup 'ck_mot'
Slack : -2.206
TNS   : -9.411

Type  : Slow 1200mV 85C Model Setup 'ck_pb'
Slack : -1.896
TNS   : -14.410

Type  : Slow 1200mV 85C Model Setup 'DHT11:u2|DHT11_BASIC:u0|clks'
Slack : -1.402
TNS   : -29.795

Type  : Slow 1200mV 85C Model Hold 'ck'
Slack : -0.258
TNS   : -0.660

Type  : Slow 1200mV 85C Model Hold 'DHT11:u2|clk_1M'
Slack : -0.036
TNS   : -0.036

Type  : Slow 1200mV 85C Model Hold 'DHT11:u2|DHT11_BASIC:u0|clks'
Slack : 0.370
TNS   : 0.000

Type  : Slow 1200mV 85C Model Hold 'ck_LCD'
Slack : 0.373
TNS   : 0.000

Type  : Slow 1200mV 85C Model Hold 'ck_1M'
Slack : 0.391
TNS   : 0.000

Type  : Slow 1200mV 85C Model Hold 'ck_pb'
Slack : 0.435
TNS   : 0.000

Type  : Slow 1200mV 85C Model Hold 'ck_mot'
Slack : 0.838
TNS   : 0.000

Type  : Slow 1200mV 85C Model Recovery 'ck'
Slack : -2.013
TNS   : -55.751

Type  : Slow 1200mV 85C Model Recovery 'DHT11:u2|clk_1M'
Slack : -1.035
TNS   : -7.245

Type  : Slow 1200mV 85C Model Removal 'DHT11:u2|clk_1M'
Slack : 1.517
TNS   : 0.000

Type  : Slow 1200mV 85C Model Removal 'ck'
Slack : 2.005
TNS   : 0.000

Type  : Slow 1200mV 85C Model Minimum Pulse Width 'ck'
Slack : -3.000
TNS   : -397.055

Type  : Slow 1200mV 85C Model Minimum Pulse Width 'ck_1M'
Slack : -1.487
TNS   : -548.703

Type  : Slow 1200mV 85C Model Minimum Pulse Width 'DHT11:u2|clk_1M'
Slack : -1.487
TNS   : -168.031

Type  : Slow 1200mV 85C Model Minimum Pulse Width 'ck_LCD'
Slack : -1.487
TNS   : -127.882

Type  : Slow 1200mV 85C Model Minimum Pulse Width 'DHT11:u2|DHT11_BASIC:u0|clks'
Slack : -1.487
TNS   : -69.889

Type  : Slow 1200mV 85C Model Minimum Pulse Width 'ck_pb'
Slack : -1.487
TNS   : -16.357

Type  : Slow 1200mV 85C Model Minimum Pulse Width 'ck_mot'
Slack : -1.487
TNS   : -11.896

Type  : Slow 1200mV 0C Model Setup 'ck_1M'
Slack : -34.565
TNS   : -3320.368

Type  : Slow 1200mV 0C Model Setup 'DHT11:u2|clk_1M'
Slack : -6.970
TNS   : -617.852

Type  : Slow 1200mV 0C Model Setup 'ck'
Slack : -6.920
TNS   : -1003.288

Type  : Slow 1200mV 0C Model Setup 'ck_LCD'
Slack : -6.260
TNS   : -427.500

Type  : Slow 1200mV 0C Model Setup 'ck_mot'
Slack : -2.021
TNS   : -8.370

Type  : Slow 1200mV 0C Model Setup 'ck_pb'
Slack : -1.736
TNS   : -12.731

Type  : Slow 1200mV 0C Model Setup 'DHT11:u2|DHT11_BASIC:u0|clks'
Slack : -1.390
TNS   : -25.503

Type  : Slow 1200mV 0C Model Hold 'ck'
Slack : -0.210
TNS   : -0.595

Type  : Slow 1200mV 0C Model Hold 'DHT11:u2|clk_1M'
Slack : 0.013
TNS   : 0.000

Type  : Slow 1200mV 0C Model Hold 'DHT11:u2|DHT11_BASIC:u0|clks'
Slack : 0.288
TNS   : 0.000

Type  : Slow 1200mV 0C Model Hold 'ck_LCD'
Slack : 0.351
TNS   : 0.000

Type  : Slow 1200mV 0C Model Hold 'ck_1M'
Slack : 0.383
TNS   : 0.000

Type  : Slow 1200mV 0C Model Hold 'ck_pb'
Slack : 0.384
TNS   : 0.000

Type  : Slow 1200mV 0C Model Hold 'ck_mot'
Slack : 0.783
TNS   : 0.000

Type  : Slow 1200mV 0C Model Recovery 'ck'
Slack : -1.850
TNS   : -51.002

Type  : Slow 1200mV 0C Model Recovery 'DHT11:u2|clk_1M'
Slack : -0.855
TNS   : -5.985

Type  : Slow 1200mV 0C Model Removal 'DHT11:u2|clk_1M'
Slack : 1.384
TNS   : 0.000

Type  : Slow 1200mV 0C Model Removal 'ck'
Slack : 1.802
TNS   : 0.000

Type  : Slow 1200mV 0C Model Minimum Pulse Width 'ck'
Slack : -3.000
TNS   : -397.055

Type  : Slow 1200mV 0C Model Minimum Pulse Width 'ck_1M'
Slack : -1.487
TNS   : -548.703

Type  : Slow 1200mV 0C Model Minimum Pulse Width 'DHT11:u2|clk_1M'
Slack : -1.487
TNS   : -168.031

Type  : Slow 1200mV 0C Model Minimum Pulse Width 'ck_LCD'
Slack : -1.487
TNS   : -127.882

Type  : Slow 1200mV 0C Model Minimum Pulse Width 'DHT11:u2|DHT11_BASIC:u0|clks'
Slack : -1.487
TNS   : -69.889

Type  : Slow 1200mV 0C Model Minimum Pulse Width 'ck_pb'
Slack : -1.487
TNS   : -16.357

Type  : Slow 1200mV 0C Model Minimum Pulse Width 'ck_mot'
Slack : -1.487
TNS   : -11.896

Type  : Fast 1200mV 0C Model Setup 'ck_1M'
Slack : -15.731
TNS   : -1368.999

Type  : Fast 1200mV 0C Model Setup 'DHT11:u2|clk_1M'
Slack : -2.732
TNS   : -224.507

Type  : Fast 1200mV 0C Model Setup 'ck'
Slack : -2.661
TNS   : -330.167

Type  : Fast 1200mV 0C Model Setup 'ck_LCD'
Slack : -2.355
TNS   : -154.219

Type  : Fast 1200mV 0C Model Setup 'DHT11:u2|DHT11_BASIC:u0|clks'
Slack : -0.407
TNS   : -3.042

Type  : Fast 1200mV 0C Model Setup 'ck_mot'
Slack : -0.368
TNS   : -0.702

Type  : Fast 1200mV 0C Model Setup 'ck_pb'
Slack : -0.252
TNS   : -1.378

Type  : Fast 1200mV 0C Model Hold 'ck'
Slack : -0.309
TNS   : -0.875

Type  : Fast 1200mV 0C Model Hold 'DHT11:u2|clk_1M'
Slack : -0.207
TNS   : -0.207

Type  : Fast 1200mV 0C Model Hold 'ck_LCD'
Slack : 0.128
TNS   : 0.000

Type  : Fast 1200mV 0C Model Hold 'DHT11:u2|DHT11_BASIC:u0|clks'
Slack : 0.147
TNS   : 0.000

Type  : Fast 1200mV 0C Model Hold 'ck_1M'
Slack : 0.148
TNS   : 0.000

Type  : Fast 1200mV 0C Model Hold 'ck_pb'
Slack : 0.167
TNS   : 0.000

Type  : Fast 1200mV 0C Model Hold 'ck_mot'
Slack : 0.333
TNS   : 0.000

Type  : Fast 1200mV 0C Model Recovery 'ck'
Slack : -0.409
TNS   : -10.644

Type  : Fast 1200mV 0C Model Recovery 'DHT11:u2|clk_1M'
Slack : 0.114
TNS   : 0.000

Type  : Fast 1200mV 0C Model Removal 'DHT11:u2|clk_1M'
Slack : 0.646
TNS   : 0.000

Type  : Fast 1200mV 0C Model Removal 'ck'
Slack : 0.859
TNS   : 0.000

Type  : Fast 1200mV 0C Model Minimum Pulse Width 'ck'
Slack : -3.000
TNS   : -282.913

Type  : Fast 1200mV 0C Model Minimum Pulse Width 'ck_1M'
Slack : -1.000
TNS   : -369.000

Type  : Fast 1200mV 0C Model Minimum Pulse Width 'DHT11:u2|clk_1M'
Slack : -1.000
TNS   : -113.000

Type  : Fast 1200mV 0C Model Minimum Pulse Width 'ck_LCD'
Slack : -1.000
TNS   : -86.000

Type  : Fast 1200mV 0C Model Minimum Pulse Width 'DHT11:u2|DHT11_BASIC:u0|clks'
Slack : -1.000
TNS   : -47.000

Type  : Fast 1200mV 0C Model Minimum Pulse Width 'ck_pb'
Slack : -1.000
TNS   : -11.000

Type  : Fast 1200mV 0C Model Minimum Pulse Width 'ck_mot'
Slack : -1.000
TNS   : -8.000

------------------------------------------------------------
